ffmpeg version 6.1.1-3ubuntu5 Copyright (c) 2000-2023 the FFmpeg developers
  built with gcc 13 (Ubuntu 13.2.0-23ubuntu3)
  configuration: --prefix=/usr --extra-version=3ubuntu5 --toolchain=hardened --libdir=/usr/lib/x86_64-linux-gnu --incdir=/usr/include/x86_64-linux-gnu --arch=amd64 --enable-gpl --disable-stripping --disable-omx --enable-gnutls --enable-libaom --enable-libass --enable-libbs2b --enable-libcaca --enable-libcdio --enable-libcodec2 --enable-libdav1d --enable-libflite --enable-libfontconfig --enable-libfreetype --enable-libfribidi --enable-libglslang --enable-libgme --enable-libgsm --enable-libharfbuzz --enable-libmp3lame --enable-libmysofa --enable-libopenjpeg --enable-libopenmpt --enable-libopus --enable-librubberband --enable-libshine --enable-libsnappy --enable-libsoxr --enable-libspeex --enable-libtheora --enable-libtwolame --enable-libvidstab --enable-libvorbis --enable-libvpx --enable-libwebp --enable-libx265 --enable-libxml2 --enable-libxvid --enable-libzimg --enable-openal --enable-opencl --enable-opengl --disable-sndio --enable-libvpl --disable-libmfx --enable-libdc1394 --enable-libdrm --enable-libiec61883 --enable-chromaprint --enable-frei0r --enable-ladspa --enable-libbluray --enable-libjack --enable-libpulse --enable-librabbitmq --enable-librist --enable-libsrt --enable-libssh --enable-libsvtav1 --enable-libx264 --enable-libzmq --enable-libzvbi --enable-lv2 --enable-sdl2 --enable-libplacebo --enable-librav1e --enable-pocketsphinx --enable-librsvg --enable-libjxl --enable-shared
  libavutil      58. 29.100 / 58. 29.100
  libavcodec     60. 31.102 / 60. 31.102
  libavformat    60. 16.100 / 60. 16.100
  libavdevice    60.  3.100 / 60.  3.100
  libavfilter     9. 12.100 /  9. 12.100
  libswscale      7.  5.100 /  7.  5.100
  libswresample   4. 12.100 /  4. 12.100
  libpostproc    57.  3.100 / 57.  3.100
frame 0/1260
Input #0, image2pipe, from 'fd:':
  Duration: N/A, bitrate: N/A
  Stream #0:0: Video: mjpeg (Baseline), yuvj420p(pc, bt470bg/unknown/unknown), 1080x1920 [SAR 1:1 DAR 9:16], 30 fps, 30 tbr, 30 tbn
Stream mapping:
  Stream #0:0 -> #0:0 (mjpeg (native) -> h264 (libx264))
[swscaler @ 0x55feacd57f00] deprecated pixel format used, make sure you did set range correctly
    Last message repeated 3 times
[libx264 @ 0x55feacd33240] using SAR=1/1
[libx264 @ 0x55feacd33240] using cpu capabilities: MMX2 SSE2Fast SSSE3 SSE4.2 AVX FMA3 BMI2 AVX2 AVX512
[libx264 @ 0x55feacd33240] profile High, level 4.0, 4:2:0, 8-bit
[libx264 @ 0x55feacd33240] 264 - core 164 r3108 31e19f9 - H.264/MPEG-4 AVC codec - Copyleft 2003-2023 - http://www.videolan.org/x264.html - options: cabac=1 ref=3 deblock=1:0:0 analyse=0x3:0x113 me=hex subme=7 psy=1 psy_rd=1.00:0.00 mixed_ref=1 me_range=16 chroma_me=1 trellis=1 8x8dct=1 cqm=0 deadzone=21,11 fast_pskip=1 chroma_qp_offset=-2 threads=6 lookahead_threads=1 sliced_threads=0 nr=0 decimate=1 interlaced=0 bluray_compat=0 constrained_intra=0 bframes=3 b_pyramid=2 b_adapt=1 b_bias=0 direct=1 weightb=1 open_gop=0 weightp=2 keyint=250 keyint_min=25 scenecut=40 intra_refresh=0 rc_lookahead=40 rc=crf mbtree=1 crf=18.0 qcomp=0.60 qpmin=0 qpmax=69 qpstep=4 ip_ratio=1.40 aq=1:1.00
Output #0, mp4, to 'story_silent.mp4':
  Metadata:
    encoder         : Lavf60.16.100
  Stream #0:0: Video: h264 (avc1 / 0x31637661), yuv420p(tv, bt470bg/unknown/unknown, progressive), 1080x1920 [SAR 1:1 DAR 9:16], q=2-31, 30 fps, 15360 tbn
    Metadata:
      encoder         : Lavc60.31.102 libx264
    Side data:
      cpb: bitrate max/min/avg: 0/0/0 buffer size: 0 vbv_delay: N/A
frame=    0 fps=0.0 q=0.0 size=       0kB time=N/A bitrate=N/A speed=N/A    frame=    0 fps=0.0 q=0.0 size=       0kB time=N/A bitrate=N/A speed=N/A    frame=    0 fps=0.0 q=0.0 size=       0kB time=N/A bitrate=N/A speed=N/A    frame=    0 fps=0.0 q=0.0 size=       0kB time=N/A bitrate=N/A speed=N/A    frame=    0 fps=0.0 q=0.0 size=       0kB time=N/A bitrate=N/A speed=N/A    frame=    0 fps=0.0 q=0.0 size=       0kB time=N/A bitrate=N/A speed=N/A    frame=    5 fps=1.6 q=24.0 size=       0kB time=00:00:00.10 bitrate=   3.8kbits/s speed=0.0318x    frame=   11 fps=3.0 q=24.0 size=       0kB time=00:00:00.30 bitrate=   1.3kbits/s speed=0.0822x    frame=   17 fps=4.1 q=24.0 size=       0kB time=00:00:00.50 bitrate=   0.8kbits/s speed=0.12x    frame=   24 fps=5.1 q=24.0 size=       0kB time=00:00:00.73 bitrate=   0.5kbits/s speed=0.157x    frame=   30 fps=5.7 q=24.0 size=       0kB time=00:00:00.93 bitrate=   0.4kbits/s speed=0.179x    frame=   36 fps=6.3 q=24.0 size=     256kB time=00:00:01.13 bitrate=1850.8kbits/s speed=0.197x    frame=   42 fps=6.7 q=24.0 size=     256kB time=00:00:01.33 bitrate=1573.2kbits/s speed=0.212x    frame=   47 fps=6.9 q=24.0 size=     256kB time=00:00:01.50 bitrate=1398.4kbits/s speed=0.22x    frame=   52 fps=7.1 q=24.0 size=     256kB time=00:00:01.66 bitrate=1258.5kbits/s speed=0.227x    frame=   58 fps=7.4 q=24.0 size=     256kB time=00:00:01.83 bitrate=1144.1kbits/s speed=0.233x    frame=   63 fps=7.4 q=24.0 size=     256kB time=00:00:02.03 bitrate=1031.6kbits/s speed=0.24x    frame=   68 fps=7.6 q=24.0 size=     512kB time=00:00:02.20 bitrate=1906.7kbits/s speed=0.246x    frame 120/1260
frame=   74 fps=7.8 q=24.0 size=     512kB time=00:00:02.40 bitrate=1747.8kbits/s speed=0.252x    